--------------------------------------------------------------------------------
Release 14.7 Trace  (nt64)
Copyright (c) 1995-2013 Xilinx, Inc.  All rights reserved.

E:\Xilinx\14.7\ISE_DS\ISE\bin\nt64\unwrapped\trce.exe -intstyle ise -v 3 -s 3
-n 3 -fastpaths -xml top.twx top.ncd -o top.twr top.pcf -ucf Nexys3_Master.ucf

Design file:              top.ncd
Physical constraint file: top.pcf
Device,package,speed:     xc6slx16,csg324,C,-3 (PRODUCTION 1.23 2013-10-13)
Report level:             verbose report

Environment Variable      Effect 
--------------------      ------ 
NONE                      No environment variables were set
--------------------------------------------------------------------------------

INFO:Timing:2698 - No timing constraints found, doing default enumeration.
INFO:Timing:3412 - To improve timing, see the Timing Closure User Guide (UG612).
INFO:Timing:2752 - To get complete path coverage, use the unconstrained paths 
   option. All paths that are not constrained will be reported in the 
   unconstrained paths section(s) of the report.
INFO:Timing:3339 - The clock-to-out numbers in this timing report are based on 
   a 50 Ohm transmission line loading model.  For the details of this model, 
   and for more information on accounting for different loading conditions, 
   please see the device datasheet.



Data Sheet report:
-----------------
All values displayed in nanoseconds (ns)

Setup/Hold to clock clk
------------+------------+------------+------------+------------+------------------+--------+
            |Max Setup to|  Process   |Max Hold to |  Process   |                  | Clock  |
Source      | clk (edge) |   Corner   | clk (edge) |   Corner   |Internal Clock(s) | Phase  |
------------+------------+------------+------------+------------+------------------+--------+
btns        |    1.906(R)|      SLOW  |   -0.042(R)|      SLOW  |clk_BUFGP         |   0.000|
------------+------------+------------+------------+------------+------------------+--------+

Clock clk to Pad
------------+-----------------+------------+-----------------+------------+------------------+--------+
            |Max (slowest) clk|  Process   |Min (fastest) clk|  Process   |                  | Clock  |
Destination |  (edge) to PAD  |   Corner   |  (edge) to PAD  |   Corner   |Internal Clock(s) | Phase  |
------------+-----------------+------------+-----------------+------------+------------------+--------+
an<0>       |         8.847(R)|      SLOW  |         4.829(R)|      FAST  |clk_BUFGP         |   0.000|
an<1>       |         9.061(R)|      SLOW  |         4.974(R)|      FAST  |clk_BUFGP         |   0.000|
an<2>       |         9.621(R)|      SLOW  |         5.100(R)|      FAST  |clk_BUFGP         |   0.000|
an<3>       |         9.675(R)|      SLOW  |         5.149(R)|      FAST  |clk_BUFGP         |   0.000|
seg7<0>     |        10.137(R)|      SLOW  |         4.576(R)|      FAST  |clk_BUFGP         |   0.000|
seg7<1>     |        10.259(R)|      SLOW  |         4.831(R)|      FAST  |clk_BUFGP         |   0.000|
seg7<2>     |        10.624(R)|      SLOW  |         4.792(R)|      FAST  |clk_BUFGP         |   0.000|
seg7<3>     |        10.166(R)|      SLOW  |         4.480(R)|      FAST  |clk_BUFGP         |   0.000|
seg7<4>     |        10.497(R)|      SLOW  |         4.769(R)|      FAST  |clk_BUFGP         |   0.000|
seg7<5>     |        10.213(R)|      SLOW  |         4.705(R)|      FAST  |clk_BUFGP         |   0.000|
seg7<6>     |        10.615(R)|      SLOW  |         4.623(R)|      FAST  |clk_BUFGP         |   0.000|
------------+-----------------+------------+-----------------+------------+------------------+--------+

Clock to Setup on destination clock clk
---------------+---------+---------+---------+---------+
               | Src:Rise| Src:Fall| Src:Rise| Src:Fall|
Source Clock   |Dest:Rise|Dest:Rise|Dest:Fall|Dest:Fall|
---------------+---------+---------+---------+---------+
clk            |    6.097|    4.317|    5.366|    9.589|
---------------+---------+---------+---------+---------+


Analysis completed Thu Jun 07 01:48:11 2018 
--------------------------------------------------------------------------------

Trace Settings:
-------------------------
Trace Settings 

Peak Memory Usage: 311 MB



